// Jest Snapshot v1, https://goo.gl/fbAQLP

exports[`index.js should render all valid dom elements 1`] = `<div />`;
